// Jest Snapshot v1, https://goo.gl/fbAQLP

exports[`renders correctly 1`] = `
<Adapter
  style={
    Object {
      "color": "#fff",
      "marginBottom": "45px",
      "padding": "0",
      "textAlign": "center",
    }
  }
>
  Giant Bomb Streamlined Created by Ben Lee
</Adapter>
`;
