// Jest Snapshot v1, https://goo.gl/fbAQLP

exports[`feature-feedheader tests renders correctly 1`] = `
<FeedHeader
  category="Feature"
  currentResults={Array []}
  fetchVideos={[Function]}
  placeholder="Search for Feature videos..."
  results={Array []}
  setVideo={[Function]}
/>
`;
