// Jest Snapshot v1, https://goo.gl/fbAQLP

exports[`renders correctly 1`] = `
<Videos
  num_results={24}
  onCardClick={[Function]}
  onClickPageNum={[Function]}
  results={Array []}
/>
`;
