// Jest Snapshot v1, https://goo.gl/fbAQLP

exports[`renders correctly 1`] = `
<div>
  <Connect(CurrentHomeVideo) />
  <Connect(Component) />
  <Connect(HomeVideos) />
</div>
`;
