// Jest Snapshot v1, https://goo.gl/fbAQLP

exports[`home-feedheader tests renders correctly 1`] = `
<FeedHeader
  category=""
  currentResults={Array []}
  fetchVideos={[Function]}
  placeholder="Search for videos..."
  results={Array []}
  setVideo={[Function]}
/>
`;
