// Jest Snapshot v1, https://goo.gl/fbAQLP

exports[`renders correctly 1`] = `
<div>
  <Connect(CurrentBombcastVideo) />
  <Connect(Component) />
  <Connect(BombcastVideos) />
</div>
`;
