// Jest Snapshot v1, https://goo.gl/fbAQLP

exports[`renders correctly 1`] = `
<div>
  <Connect(CurrentQuicklookVideo) />
  <Connect(Component) />
  <Connect(QuicklookVideos) />
</div>
`;
